// Jest Snapshot v1, https://goo.gl/fbAQLP

exports[`<Button /> should be enabled when disabled is false 1`] = `
<div>
  <button
    class="button"
  >
    Load more
  </button>
</div>
`;
