// Jest Snapshot v1, https://goo.gl/fbAQLP

exports[`<SearchInput /> should call handleChange function on each key pressed 1`] = `
<div>
  <input
    class="search-input"
    placeholder="Type your search"
    type="search"
    value=""
  />
</div>
`;
